-- Create extension for all the following tests
CREATE EXTENSION wal_utils;
